src/lib/supabase.ts(2,31): error TS2307: Cannot find module '../types/supabase' or its corresponding type declarations.
src/lib/supabase.ts(4,33): error TS2339: Property 'env' does not exist on type 'ImportMeta'.
src/lib/supabase.ts(5,37): error TS2339: Property 'env' does not exist on type 'ImportMeta'.
src/main.tsx(3,8): error TS2307: Cannot find module './index.css' or its corresponding type declarations.
