
> gestor-de-estoque@1.0.0 build
> tsc -b && vite build

src/pages/Movimentacoes.tsx(221,24): error TS2304: Cannot find name 'users'.
src/pages/Movimentacoes.tsx(221,35): error TS7006: Parameter 'u' implicitly has an 'any' type.
